../Core/Src/main.c:328:5:main	136	static
../Core/Src/main.c:549:6:SystemClock_Config	96	static
../Core/Src/main.c:607:6:PeriphCommonClock_Config	144	static
../Core/Src/main.c:633:13:MX_ADC1_Init	48	static
../Core/Src/main.c:700:13:MX_ADC2_Init	32	static
../Core/Src/main.c:758:13:MX_I2C1_Init	8	static
../Core/Src/main.c:806:13:MX_RTC_Init	80	static
../Core/Src/main.c:889:13:MX_SPI2_Init	8	static
../Core/Src/main.c:929:13:MX_USART1_UART_Init	8	static
../Core/Src/main.c:964:13:MX_USART3_UART_Init	8	static
../Core/Src/main.c:999:13:MX_GPIO_Init	48	static
../Core/Src/main.c:1032:6:writeDataByte	32	static
../Core/Src/main.c:1039:6:readDataByte	24	static
../Core/Src/main.c:1045:6:setMode	24	static
../Core/Src/main.c:1067:9:getMode	16	static
../Core/Src/main.c:1073:6:ADPS_init	8	static
../Core/Src/main.c:1092:6:setLEDDrive	24	static
../Core/Src/main.c:1104:6:setAmbientLightIntEnable	24	static
../Core/Src/main.c:1116:6:setProximityGain	24	static
../Core/Src/main.c:1128:6:setAmbientLightGain	24	static
../Core/Src/main.c:1139:6:setProxIntLowThresh	16	static
../Core/Src/main.c:1142:6:setProxIntHighThresh	16	static
../Core/Src/main.c:1145:6:setLightIntLowThresh	24	static
../Core/Src/main.c:1155:6:setLightIntHighThresh	24	static
../Core/Src/main.c:1166:6:enableLightSensor	16	static
../Core/Src/main.c:1177:6:readAmbientLight	24	static
../Core/Src/main.c:1187:6:readRedLight	24	static
../Core/Src/main.c:1197:6:readGreenLight	24	static
../Core/Src/main.c:1207:6:readBlueLight	24	static
../Core/Src/main.c:1217:6:storeData	648	static
../Core/Src/main.c:1274:6:readall	8	static
../Core/Src/main.c:1282:6:getEntryCount	288	static
../Core/Src/main.c:1314:6:readEntry	312	static
../Core/Src/main.c:1362:6:totalEntries	64	static
../Core/Src/main.c:1371:6:clearMemory	32	static
../Core/Src/main.c:1391:6:getTime	8	static
../Core/Src/main.c:1395:6:deletePage	40	static
../Core/Src/main.c:1423:6:fetchMoisture	16	static
../Core/Src/main.c:1431:6:readBattery	16	static
../Core/Src/main.c:1439:6:readTempHum	40	static
../Core/Src/main.c:1473:6:HAL_UART_RxCpltCallback	16	static
../Core/Src/main.c:1487:6:Error_Handler	4	static,ignoring_inline_asm
