../Core/Src/main.c:328:5:main	136	static
../Core/Src/main.c:553:6:SystemClock_Config	96	static
../Core/Src/main.c:611:6:PeriphCommonClock_Config	144	static
../Core/Src/main.c:637:13:MX_ADC1_Init	48	static
../Core/Src/main.c:704:13:MX_ADC2_Init	32	static
../Core/Src/main.c:762:13:MX_I2C1_Init	8	static
../Core/Src/main.c:810:13:MX_RTC_Init	80	static
../Core/Src/main.c:893:13:MX_SPI2_Init	8	static
../Core/Src/main.c:933:13:MX_USART1_UART_Init	8	static
../Core/Src/main.c:968:13:MX_USART3_UART_Init	8	static
../Core/Src/main.c:1003:13:MX_GPIO_Init	48	static
../Core/Src/main.c:1036:6:writeDataByte	32	static
../Core/Src/main.c:1043:6:readDataByte	24	static
../Core/Src/main.c:1049:6:setMode	24	static
../Core/Src/main.c:1071:9:getMode	16	static
../Core/Src/main.c:1077:6:ADPS_init	8	static
../Core/Src/main.c:1096:6:setLEDDrive	24	static
../Core/Src/main.c:1108:6:setAmbientLightIntEnable	24	static
../Core/Src/main.c:1120:6:setProximityGain	24	static
../Core/Src/main.c:1132:6:setAmbientLightGain	24	static
../Core/Src/main.c:1143:6:setProxIntLowThresh	16	static
../Core/Src/main.c:1146:6:setProxIntHighThresh	16	static
../Core/Src/main.c:1149:6:setLightIntLowThresh	24	static
../Core/Src/main.c:1159:6:setLightIntHighThresh	24	static
../Core/Src/main.c:1170:6:enableLightSensor	16	static
../Core/Src/main.c:1181:6:readAmbientLight	24	static
../Core/Src/main.c:1191:6:readRedLight	24	static
../Core/Src/main.c:1201:6:readGreenLight	24	static
../Core/Src/main.c:1211:6:readBlueLight	24	static
../Core/Src/main.c:1221:6:storeData	648	static
../Core/Src/main.c:1278:6:readall	8	static
../Core/Src/main.c:1286:6:getEntryCount	288	static
../Core/Src/main.c:1318:6:readEntry	312	static
../Core/Src/main.c:1366:6:totalEntries	64	static
../Core/Src/main.c:1375:6:clearMemory	32	static
../Core/Src/main.c:1395:6:getTime	8	static
../Core/Src/main.c:1399:6:deletePage	40	static
../Core/Src/main.c:1427:6:fetchMoisture	16	static
../Core/Src/main.c:1435:6:readBattery	16	static
../Core/Src/main.c:1443:6:readTempHum	40	static
../Core/Src/main.c:1477:6:HAL_UART_RxCpltCallback	16	static
../Core/Src/main.c:1491:6:Error_Handler	4	static,ignoring_inline_asm
